157.59.112.35 - - [10/Sep/2023:04:48:58 +0000] "GET /wordpress/wp-includes/js/jquery/jquery.min.js?ver=3.7.0 HTTP/1.1" 200 30689 "http://10.10.10.10/wordpress/" "Mozilla/5.0 (Windows NT 10.0; Win64; x64) AppleWebKit/537.36 (KHTML, like Gecko) Chrome/70.0.3538.102 Safari/537.36 Edge/18.18363"
157.59.112.35 - - [10/Sep/2023:04:48:58 +0000] "GET /wordpress/wp-content/themes/elite-creative-agency/js/jquery.superfish.js?ver=1 HTTP/1.1" 200 2718 "http://10.10.10.10/wordpress/" "Mozilla/5.0 (Windows NT 10.0; Win64; x64) AppleWebKit/537.36 (KHTML, like Gecko) Chrome/70.0.3538.102 Safari/537.36 Edge/18.18363"
157.59.112.35 - - [10/Sep/2023:04:48:58 +0000] "GET /wordpress/wp-content/themes/elite-creative-agency/js/owl.carousel.js?ver=1 HTTP/1.1" 200 20383 "http://10.10.10.10/wordpress/" "Mozilla/5.0 (Windows NT 10.0; Win64; x64) AppleWebKit/537.36 (KHTML, like Gecko) Chrome/70.0.3538.102 Safari/537.36 Edge/18.18363"
157.59.112.35 - - [10/Sep/2023:04:48:58 +0000] "GET /wordpress/wp-includes/js/jquery/ui/core.min.js?ver=1.13.2 HTTP/1.1" 200 7443 "http://10.10.10.10/wordpress/" "Mozilla/5.0 (Windows NT 10.0; Win64; x64) AppleWebKit/537.36 (KHTML, like Gecko) Chrome/70.0.3538.102 Safari/537.36 Edge/18.18363"
157.59.112.35 - - [10/Sep/2023:04:48:58 +0000] "GET /wordpress/wp-content/themes/elite-creative-agency/js/bootstrap.min.js?ver=4.3.1 HTTP/1.1" 200 15755 "http://10.10.10.10/wordpress/" "Mozilla/5.0 (Windows NT 10.0; Win64; x64) AppleWebKit/537.36 (KHTML, like Gecko) Chrome/70.0.3538.102 Safari/537.36 Edge/18.18363"
157.59.112.35 - - [10/Sep/2023:04:48:58 +0000] "GET /wordpress/wp-content/themes/elite-creative-agency/js/skip-link-focus-fix.js?ver=20151215 HTTP/1.1" 200 822 "http://10.10.10.10/wordpress/" "Mozilla/5.0 (Windows NT 10.0; Win64; x64) AppleWebKit/537.36 (KHTML, like Gecko) Chrome/70.0.3538.102 Safari/537.36 Edge/18.18363"
157.59.112.35 - - [10/Sep/2023:04:48:58 +0000] "GET /wordpress/wp-content/themes/elite-creative-agency/style.css?ver=6.3.1 HTTP/1.1" 200 5784 "http://10.10.10.10/wordpress/" "Mozilla/5.0 (Windows NT 10.0; Win64; x64) AppleWebKit/537.36 (KHTML, like Gecko) Chrome/70.0.3538.102 Safari/537.36 Edge/18.18363"
157.59.112.35 - - [10/Sep/2023:04:48:58 +0000] "GET /wordpress/wp-content/themes/elite-creative-agency/js/custom.js?ver=6.3.1 HTTP/1.1" 200 942 "http://10.10.10.10/wordpress/" "Mozilla/5.0 (Windows NT 10.0; Win64; x64) AppleWebKit/537.36 (KHTML, like Gecko) Chrome/70.0.3538.102 Safari/537.36 Edge/18.18363"
157.59.112.35 - - [10/Sep/2023:04:48:58 +0000] "GET /wordpress/wp-content/themes/elite-creative-agency/css/fonts/font-awesome/fonts/fontawesome-webfont.woff2?v=4.6.3 HTTP/1.1" 304 250 "http://10.10.10.10/wordpress/" "Mozilla/5.0 (Windows NT 10.0; Win64; x64) AppleWebKit/537.36 (KHTML, like Gecko) Chrome/70.0.3538.102 Safari/537.36 Edge/18.18363"
157.59.112.35 - - [10/Sep/2023:04:48:59 +0000] "GET /wordpress/wp-includes/js/wp-emoji-release.min.js?ver=6.3.1 HTTP/1.1" 200 5383 "http://10.10.10.10/wordpress/" "Mozilla/5.0 (Windows NT 10.0; Win64; x64) AppleWebKit/537.36 (KHTML, like Gecko) Chrome/70.0.3538.102 Safari/537.36 Edge/18.18363"
157.59.112.35 - - [10/Sep/2023:04:49:04 +0000] "GET /wordpress/ HTTP/1.1" 200 9933 "http://10.10.10.10/wordpress/" "Mozilla/5.0 (Windows NT 10.0; Win64; x64) AppleWebKit/537.36 (KHTML, like Gecko) Chrome/70.0.3538.102 Safari/537.36 Edge/18.18363"
157.59.112.35 - - [10/Sep/2023:04:49:09 +0000] "GET /wordpress/index.php/2023/08/29/hope-see-you-guys-at-workshop/ HTTP/1.1" 200 12371 "http://10.10.10.10/wordpress/" "Mozilla/5.0 (Windows NT 10.0; Win64; x64) AppleWebKit/537.36 (KHTML, like Gecko) Chrome/70.0.3538.102 Safari/537.36 Edge/18.18363"
157.59.112.35 - - [10/Sep/2023:04:49:13 +0000] "GET /wordpress/ HTTP/1.1" 200 9932 "http://10.10.10.10/wordpress/index.php/2023/08/29/hope-see-you-guys-at-workshop/" "Mozilla/5.0 (Windows NT 10.0; Win64; x64) AppleWebKit/537.36 (KHTML, like Gecko) Chrome/70.0.3538.102 Safari/537.36 Edge/18.18363"
127.0.0.1 - - [10/Sep/2023:04:49:21 +0000] "OPTIONS * HTTP/1.0" 200 126 "-" "Apache/2.4.54 (Ubuntu) (internal dummy connection)"
10.10.10.10 - - [10/Sep/2023:05:01:18 +0000] "POST /wordpress/wp-cron.php?doing_wp_cron=1694322078.6108150482177734375000 HTTP/1.1" 200 259 "-" "WordPress/6.3.1; http://10.10.10.10/wordpress"
165.229.55.17 - - [10/Sep/2023:05:01:18 +0000] "GET /wordpress/ HTTP/1.1" 200 9933 "-" "Mozilla/5.0 (Windows NT 10.0; Win64; x64) AppleWebKit/537.36 (KHTML, like Gecko) Chrome/116.0.0.0 Safari/537.36"
165.229.55.17 - - [10/Sep/2023:05:01:18 +0000] "GET /wordpress/wp-includes/css/dist/block-library/style.min.css?ver=6.3.1 HTTP/1.1" 200 14180 "http://10.10.10.10/wordpress/" "Mozilla/5.0 (Windows NT 10.0; Win64; x64) AppleWebKit/537.36 (KHTML, like Gecko) Chrome/116.0.0.0 Safari/537.36"
165.229.55.17 - - [10/Sep/2023:05:01:19 +0000] "GET /wordpress/wp-includes/js/jquery/jquery-migrate.min.js?ver=3.4.1 HTTP/1.1" 200 5217 "http://10.10.10.10/wordpress/" "Mozilla/5.0 (Windows NT 10.0; Win64; x64) AppleWebKit/537.36 (KHTML, like Gecko) Chrome/116.0.0.0 Safari/537.36"
165.229.55.17 - - [10/Sep/2023:05:01:19 +0000] "GET /wordpress/wp-includes/js/jquery/jquery.min.js?ver=3.7.0 HTTP/1.1" 200 30689 "http://10.10.10.10/wordpress/" "Mozilla/5.0 (Windows NT 10.0; Win64; x64) AppleWebKit/537.36 (KHTML, like Gecko) Chrome/116.0.0.0 Safari/537.36"
165.229.55.17 - - [10/Sep/2023:05:01:20 +0000] "GET /favicon.ico HTTP/1.1" 404 489 "http://10.10.10.10/wordpress/" "Mozilla/5.0 (Windows NT 10.0; Win64; x64) AppleWebKit/537.36 (KHTML, like Gecko) Chrome/116.0.0.0 Safari/537.36"
165.229.55.17 - - [10/Sep/2023:05:01:32 +0000] "GET /wordpress/ HTTP/1.1" 200 9933 "http://10.10.10.10/wordpress/" "Mozilla/5.0 (Windows NT 10.0; Win64; x64) AppleWebKit/537.36 (KHTML, like Gecko) Chrome/116.0.0.0 Safari/537.36"
165.229.55.17 - - [10/Sep/2023:05:01:33 +0000] "GET /wordpress/index.php/2023/08/29/hope-see-you-guys-at-workshop/ HTTP/1.1" 200 12371 "http://10.10.10.10/wordpress/" "Mozilla/5.0 (Windows NT 10.0; Win64; x64) AppleWebKit/537.36 (KHTML, like Gecko) Chrome/116.0.0.0 Safari/537.36"
165.229.55.17 - - [10/Sep/2023:05:01:35 +0000] "GET /wordpress/ HTTP/1.1" 200 9932 "http://10.10.10.10/wordpress/index.php/2023/08/29/hope-see-you-guys-at-workshop/" "Mozilla/5.0 (Windows NT 10.0; Win64; x64) AppleWebKit/537.36 (KHTML, like Gecko) Chrome/116.0.0.0 Safari/537.36"
165.229.55.17 - - [10/Sep/2023:05:01:36 +0000] "GET /wordpress/index.php/2023/07/26/information-pms-company-workshop/ HTTP/1.1" 200 12063 "http://10.10.10.10/wordpress/" "Mozilla/5.0 (Windows NT 10.0; Win64; x64) AppleWebKit/537.36 (KHTML, like Gecko) Chrome/116.0.0.0 Safari/537.36"
165.229.55.17 - - [10/Sep/2023:05:01:37 +0000] "GET /wordpress/ HTTP/1.1" 200 9932 "http://10.10.10.10/wordpress/index.php/2023/07/26/information-pms-company-workshop/" "Mozilla/5.0 (Windows NT 10.0; Win64; x64) AppleWebKit/537.36 (KHTML, like Gecko) Chrome/116.0.0.0 Safari/537.36"
165.229.55.17 - - [10/Sep/2023:05:01:39 +0000] "GET /wordpress/index.php/2023/08/29/hope-see-you-guys-at-workshop/ HTTP/1.1" 200 12371 "http://10.10.10.10/wordpress/" "Mozilla/5.0 (Windows NT 10.0; Win64; x64) AppleWebKit/537.36 (KHTML, like Gecko) Chrome/116.0.0.0 Safari/537.36"
165.229.55.17 - - [10/Sep/2023:05:01:41 +0000] "GET /wordpress/ HTTP/1.1" 200 9932 "http://10.10.10.10/wordpress/index.php/2023/08/29/hope-see-you-guys-at-workshop/" "Mozilla/5.0 (Windows NT 10.0; Win64; x64) AppleWebKit/537.36 (KHTML, like Gecko) Chrome/116.0.0.0 Safari/537.36"
165.229.55.17 - - [10/Sep/2023:05:01:46 +0000] "GET /wordpress/index.php/2023/08/29/hope-see-you-guys-at-workshop/ HTTP/1.1" 200 12372 "http://10.10.10.10/wordpress/" "Mozilla/5.0 (Windows NT 10.0; Win64; x64) AppleWebKit/537.36 (KHTML, like Gecko) Chrome/116.0.0.0 Safari/537.36"
165.229.55.17 - - [10/Sep/2023:05:01:47 +0000] "GET /wordpress/ HTTP/1.1" 200 9932 "http://10.10.10.10/wordpress/index.php/2023/08/29/hope-see-you-guys-at-workshop/" "Mozilla/5.0 (Windows NT 10.0; Win64; x64) AppleWebKit/537.36 (KHTML, like Gecko) Chrome/116.0.0.0 Safari/537.36"
165.229.55.17 - - [10/Sep/2023:05:01:48 +0000] "GET /wordpress/index.php/2023/07/26/information-pms-company-workshop/ HTTP/1.1" 200 12063 "http://10.10.10.10/wordpress/" "Mozilla/5.0 (Windows NT 10.0; Win64; x64) AppleWebKit/537.36 (KHTML, like Gecko) Chrome/116.0.0.0 Safari/537.36"
165.229.55.17 - - [10/Sep/2023:05:01:50 +0000] "GET /wordpress/ HTTP/1.1" 200 9932 "http://10.10.10.10/wordpress/index.php/2023/07/26/information-pms-company-workshop/" "Mozilla/5.0 (Windows NT 10.0; Win64; x64) AppleWebKit/537.36 (KHTML, like Gecko) Chrome/116.0.0.0 Safari/537.36"
165.229.55.17 - - [10/Sep/2023:05:01:51 +0000] "GET /wordpress/index.php/2023/08/29/hope-see-you-guys-at-workshop/ HTTP/1.1" 200 12371 "http://10.10.10.10/wordpress/" "Mozilla/5.0 (Windows NT 10.0; Win64; x64) AppleWebKit/537.36 (KHTML, like Gecko) Chrome/116.0.0.0 Safari/537.36"
165.229.55.17 - - [10/Sep/2023:05:01:53 +0000] "GET /wordpress/ HTTP/1.1" 200 9932 "http://10.10.10.10/wordpress/index.php/2023/08/29/hope-see-you-guys-at-workshop/" "Mozilla/5.0 (Windows NT 10.0; Win64; x64) AppleWebKit/537.36 (KHTML, like Gecko) Chrome/116.0.0.0 Safari/537.36"
165.229.55.17 - - [10/Sep/2023:05:01:55 +0000] "GET /wordpress/index.php/2023/07/24/hello-world/ HTTP/1.1" 200 11944 "http://10.10.10.10/wordpress/" "Mozilla/5.0 (Windows NT 10.0; Win64; x64) AppleWebKit/537.36 (KHTML, like Gecko) Chrome/116.0.0.0 Safari/537.36"
165.229.55.17 - - [10/Sep/2023:05:01:57 +0000] "GET /wordpress/index.php/2023/07/ HTTP/1.1" 200 9874 "http://10.10.10.10/wordpress/index.php/2023/07/24/hello-world/" "Mozilla/5.0 (Windows NT 10.0; Win64; x64) AppleWebKit/537.36 (KHTML, like Gecko) Chrome/116.0.0.0 Safari/537.36"
165.229.55.17 - - [10/Sep/2023:05:01:58 +0000] "GET /wordpress/ HTTP/1.1" 200 9932 "http://10.10.10.10/wordpress/index.php/2023/07/" "Mozilla/5.0 (Windows NT 10.0; Win64; x64) AppleWebKit/537.36 (KHTML, like Gecko) Chrome/116.0.0.0 Safari/537.36"
165.229.55.17 - - [10/Sep/2023:05:01:59 +0000] "GET /wordpress/index.php/author/admin/ HTTP/1.1" 200 9903 "http://10.10.10.10/wordpress/" "Mozilla/5.0 (Windows NT 10.0; Win64; x64) AppleWebKit/537.36 (KHTML, like Gecko) Chrome/116.0.0.0 Safari/537.36"
165.229.55.17 - - [10/Sep/2023:05:02:00 +0000] "GET /wordpress/ HTTP/1.1" 200 9932 "http://10.10.10.10/wordpress/index.php/author/admin/" "Mozilla/5.0 (Windows NT 10.0; Win64; x64) AppleWebKit/537.36 (KHTML, like Gecko) Chrome/116.0.0.0 Safari/537.36"
165.229.55.17 - - [10/Sep/2023:05:02:03 +0000] "GET /wordpress/index.php/author/pms-admin/ HTTP/1.1" 200 9862 "http://10.10.10.10/wordpress/" "Mozilla/5.0 (Windows NT 10.0; Win64; x64) AppleWebKit/537.36 (KHTML, like Gecko) Chrome/116.0.0.0 Safari/537.36"
165.229.55.17 - - [10/Sep/2023:05:02:04 +0000] "GET /wordpress/ HTTP/1.1" 200 9932 "http://10.10.10.10/wordpress/index.php/author/pms-admin/" "Mozilla/5.0 (Windows NT 10.0; Win64; x64) AppleWebKit/537.36 (KHTML, like Gecko) Chrome/116.0.0.0 Safari/537.36"
165.229.55.17 - - [10/Sep/2023:05:02:06 +0000] "GET /wordpress/index.php/2023/08/29/hope-see-you-guys-at-workshop/ HTTP/1.1" 200 12371 "http://10.10.10.10/wordpress/" "Mozilla/5.0 (Windows NT 10.0; Win64; x64) AppleWebKit/537.36 (KHTML, like Gecko) Chrome/116.0.0.0 Safari/537.36"
165.229.55.17 - - [10/Sep/2023:05:02:09 +0000] "GET /wordpress/ HTTP/1.1" 200 9932 "http://10.10.10.10/wordpress/index.php/2023/08/29/hope-see-you-guys-at-workshop/" "Mozilla/5.0 (Windows NT 10.0; Win64; x64) AppleWebKit/537.36 (KHTML, like Gecko) Chrome/116.0.0.0 Safari/537.36"
165.229.55.17 - - [10/Sep/2023:05:02:19 +0000] "GET /wordpress/index.php/2023/07/26/information-pms-company-workshop/ HTTP/1.1" 200 12064 "http://10.10.10.10/wordpress/" "Mozilla/5.0 (Windows NT 10.0; Win64; x64) AppleWebKit/537.36 (KHTML, like Gecko) Chrome/116.0.0.0 Safari/537.36"
165.229.55.17 - - [10/Sep/2023:05:02:20 +0000] "GET /wordpress/ HTTP/1.1" 200 9932 "http://10.10.10.10/wordpress/index.php/2023/07/26/information-pms-company-workshop/" "Mozilla/5.0 (Windows NT 10.0; Win64; x64) AppleWebKit/537.36 (KHTML, like Gecko) Chrome/116.0.0.0 Safari/537.36"
165.229.55.17 - - [10/Sep/2023:05:02:21 +0000] "GET /wordpress/index.php/2023/07/25/ho-rooooooooooooock/ HTTP/1.1" 200 10142 "http://10.10.10.10/wordpress/" "Mozilla/5.0 (Windows NT 10.0; Win64; x64) AppleWebKit/537.36 (KHTML, like Gecko) Chrome/116.0.0.0 Safari/537.36"
165.229.55.17 - - [10/Sep/2023:05:02:24 +0000] "POST /wordpress/wp-login.php?action=postpass HTTP/1.1" 302 680 "http://10.10.10.10/wordpress/index.php/2023/07/25/ho-rooooooooooooock/" "Mozilla/5.0 (Windows NT 10.0; Win64; x64) AppleWebKit/537.36 (KHTML, like Gecko) Chrome/116.0.0.0 Safari/537.36"
165.229.55.17 - - [10/Sep/2023:05:02:24 +0000] "GET /wordpress/index.php/2023/07/25/ho-rooooooooooooock/ HTTP/1.1" 200 10142 "http://10.10.10.10/wordpress/index.php/2023/07/25/ho-rooooooooooooock/" "Mozilla/5.0 (Windows NT 10.0; Win64; x64) AppleWebKit/537.36 (KHTML, like Gecko) Chrome/116.0.0.0 Safari/537.36"
165.229.55.17 - - [10/Sep/2023:05:02:25 +0000] "GET /wordpress/ HTTP/1.1" 200 9932 "http://10.10.10.10/wordpress/index.php/2023/07/25/ho-rooooooooooooock/" "Mozilla/5.0 (Windows NT 10.0; Win64; x64) AppleWebKit/537.36 (KHTML, like Gecko) Chrome/116.0.0.0 Safari/537.36"
165.229.55.17 - - [10/Sep/2023:05:02:26 +0000] "GET /wordpress/ HTTP/1.1" 200 9932 "http://10.10.10.10/wordpress/" "Mozilla/5.0 (Windows NT 10.0; Win64; x64) AppleWebKit/537.36 (KHTML, like Gecko) Chrome/116.0.0.0 Safari/537.36"
165.229.55.17 - - [10/Sep/2023:05:02:27 +0000] "GET /wordpress/index.php/2023/08/29/hope-see-you-guys-at-workshop/ HTTP/1.1" 200 12371 "http://10.10.10.10/wordpress/" "Mozilla/5.0 (Windows NT 10.0; Win64; x64) AppleWebKit/537.36 (KHTML, like Gecko) Chrome/116.0.0.0 Safari/537.36"
165.229.55.17 - - [10/Sep/2023:05:02:28 +0000] "GET /wordpress/ HTTP/1.1" 200 9932 "http://10.10.10.10/wordpress/index.php/2023/08/29/hope-see-you-guys-at-workshop/" "Mozilla/5.0 (Windows NT 10.0; Win64; x64) AppleWebKit/537.36 (KHTML, like Gecko) Chrome/116.0.0.0 Safari/537.36"
165.229.55.17 - - [10/Sep/2023:05:02:29 +0000] "GET /wordpress/index.php/2023/07/26/information-pms-company-workshop/ HTTP/1.1" 200 12063 "http://10.10.10.10/wordpress/" "Mozilla/5.0 (Windows NT 10.0; Win64; x64) AppleWebKit/537.36 (KHTML, like Gecko) Chrome/116.0.0.0 Safari/537.36"
165.229.55.17 - - [10/Sep/2023:05:02:30 +0000] "GET /wordpress/ HTTP/1.1" 200 9932 "http://10.10.10.10/wordpress/index.php/2023/07/26/information-pms-company-workshop/" "Mozilla/5.0 (Windows NT 10.0; Win64; x64) AppleWebKit/537.36 (KHTML, like Gecko) Chrome/116.0.0.0 Safari/537.36"
165.229.55.17 - - [10/Sep/2023:05:02:32 +0000] "GET /wordpress/index.php/2023/07/24/hello-world/ HTTP/1.1" 200 11944 "http://10.10.10.10/wordpress/" "Mozilla/5.0 (Windows NT 10.0; Win64; x64) AppleWebKit/537.36 (KHTML, like Gecko) Chrome/116.0.0.0 Safari/537.36"
165.229.55.17 - - [10/Sep/2023:05:02:33 +0000] "GET /wordpress/ HTTP/1.1" 200 9932 "http://10.10.10.10/wordpress/index.php/2023/07/24/hello-world/" "Mozilla/5.0 (Windows NT 10.0; Win64; x64) AppleWebKit/537.36 (KHTML, like Gecko) Chrome/116.0.0.0 Safari/537.36"
165.229.55.17 - - [10/Sep/2023:05:02:34 +0000] "GET /wordpress/index.php/2023/07/26/information-pms-company-workshop/ HTTP/1.1" 200 12063 "http://10.10.10.10/wordpress/" "Mozilla/5.0 (Windows NT 10.0; Win64; x64) AppleWebKit/537.36 (KHTML, like Gecko) Chrome/116.0.0.0 Safari/537.36"
165.229.55.17 - - [10/Sep/2023:05:02:35 +0000] "GET /wordpress/ HTTP/1.1" 200 9932 "http://10.10.10.10/wordpress/index.php/2023/07/26/information-pms-company-workshop/" "Mozilla/5.0 (Windows NT 10.0; Win64; x64) AppleWebKit/537.36 (KHTML, like Gecko) Chrome/116.0.0.0 Safari/537.36"
165.229.55.17 - - [10/Sep/2023:05:02:37 +0000] "GET /wordpress/index.php/2023/08/29/hope-see-you-guys-at-workshop/ HTTP/1.1" 200 12371 "http://10.10.10.10/wordpress/" "Mozilla/5.0 (Windows NT 10.0; Win64; x64) AppleWebKit/537.36 (KHTML, like Gecko) Chrome/116.0.0.0 Safari/537.36"
165.229.55.17 - - [10/Sep/2023:05:02:51 +0000] "GET /wordpress/ HTTP/1.1" 200 9933 "http://10.10.10.10/wordpress/" "Mozilla/5.0 (Windows NT 10.0; Win64; x64) AppleWebKit/537.36 (KHTML, like Gecko) Chrome/116.0.0.0 Safari/537.36"
165.229.55.17 - - [10/Sep/2023:05:02:52 +0000] "GET /wordpress/index.php/2023/08/29/hope-see-you-guys-at-workshop/ HTTP/1.1" 200 12371 "http://10.10.10.10/wordpress/" "Mozilla/5.0 (Windows NT 10.0; Win64; x64) AppleWebKit/537.36 (KHTML, like Gecko) Chrome/116.0.0.0 Safari/537.36"
165.229.55.17 - - [10/Sep/2023:05:02:53 +0000] "GET /wordpress/ HTTP/1.1" 200 9932 "http://10.10.10.10/wordpress/index.php/2023/08/29/hope-see-you-guys-at-workshop/" "Mozilla/5.0 (Windows NT 10.0; Win64; x64) AppleWebKit/537.36 (KHTML, like Gecko) Chrome/116.0.0.0 Safari/537.36"
165.229.55.17 - - [10/Sep/2023:05:02:55 +0000] "GET /wordpress/index.php/2023/07/26/information-pms-company-workshop/ HTTP/1.1" 200 12063 "http://10.10.10.10/wordpress/" "Mozilla/5.0 (Windows NT 10.0; Win64; x64) AppleWebKit/537.36 (KHTML, like Gecko) Chrome/116.0.0.0 Safari/537.36"
165.229.55.17 - - [10/Sep/2023:05:02:56 +0000] "GET /wordpress/ HTTP/1.1" 200 9932 "http://10.10.10.10/wordpress/index.php/2023/07/26/information-pms-company-workshop/" "Mozilla/5.0 (Windows NT 10.0; Win64; x64) AppleWebKit/537.36 (KHTML, like Gecko) Chrome/116.0.0.0 Safari/537.36"
165.229.55.17 - - [10/Sep/2023:05:02:58 +0000] "GET /wordpress/index.php/2023/07/24/hello-world/ HTTP/1.1" 200 11944 "http://10.10.10.10/wordpress/" "Mozilla/5.0 (Windows NT 10.0; Win64; x64) AppleWebKit/537.36 (KHTML, like Gecko) Chrome/116.0.0.0 Safari/537.36"
165.229.55.17 - - [10/Sep/2023:05:02:59 +0000] "GET /wordpress/ HTTP/1.1" 200 9932 "http://10.10.10.10/wordpress/index.php/2023/07/24/hello-world/" "Mozilla/5.0 (Windows NT 10.0; Win64; x64) AppleWebKit/537.36 (KHTML, like Gecko) Chrome/116.0.0.0 Safari/537.36"
165.229.55.17 - - [10/Sep/2023:05:03:03 +0000] "GET /wordpress/index.php/2023/08/29/hope-see-you-guys-at-workshop/ HTTP/1.1" 200 12371 "http://10.10.10.10/wordpress/" "Mozilla/5.0 (Windows NT 10.0; Win64; x64) AppleWebKit/537.36 (KHTML, like Gecko) Chrome/116.0.0.0 Safari/537.36"
165.229.55.17 - - [10/Sep/2023:05:03:08 +0000] "GET /wordpress/ HTTP/1.1" 200 9932 "http://10.10.10.10/wordpress/index.php/2023/08/29/hope-see-you-guys-at-workshop/" "Mozilla/5.0 (Windows NT 10.0; Win64; x64) AppleWebKit/537.36 (KHTML, like Gecko) Chrome/116.0.0.0 Safari/537.36"
165.229.55.17 - - [10/Sep/2023:05:03:33 +0000] "GET /wordpress/ HTTP/1.1" 200 9933 "http://10.10.10.10/wordpress/" "Mozilla/5.0 (Windows NT 10.0; Win64; x64) AppleWebKit/537.36 (KHTML, like Gecko) Chrome/116.0.0.0 Safari/537.36"
165.229.55.17 - - [10/Sep/2023:05:03:41 +0000] "GET /wordpress/ HTTP/1.1" 200 9933 "http://10.10.10.10/wordpress/" "Mozilla/5.0 (Windows NT 10.0; Win64; x64) AppleWebKit/537.36 (KHTML, like Gecko) Chrome/116.0.0.0 Safari/537.36"
165.229.55.17 - - [10/Sep/2023:05:03:43 +0000] "GET /wordpress/index.php/2023/08/29/hope-see-you-guys-at-workshop/ HTTP/1.1" 200 12371 "http://10.10.10.10/wordpress/" "Mozilla/5.0 (Windows NT 10.0; Win64; x64) AppleWebKit/537.36 (KHTML, like Gecko) Chrome/116.0.0.0 Safari/537.36"
165.229.55.17 - - [10/Sep/2023:05:03:44 +0000] "GET /wordpress/ HTTP/1.1" 200 9932 "http://10.10.10.10/wordpress/index.php/2023/08/29/hope-see-you-guys-at-workshop/" "Mozilla/5.0 (Windows NT 10.0; Win64; x64) AppleWebKit/537.36 (KHTML, like Gecko) Chrome/116.0.0.0 Safari/537.36"
165.229.55.17 - - [10/Sep/2023:05:03:57 +0000] "GET /wordpress/ HTTP/1.1" 200 9933 "http://10.10.10.10/wordpress/" "Mozilla/5.0 (Windows NT 10.0; Win64; x64) AppleWebKit/537.36 (KHTML, like Gecko) Chrome/116.0.0.0 Safari/537.36"
165.229.55.17 - - [10/Sep/2023:05:04:48 +0000] "-" 408 0 "-" "-"
175.45.178.19 - - [10/Sep/2023:05:08:21 +0000] "GET /wordpress/ HTTP/1.1" 200 9933 "-" "Mozilla/5.0 (Windows NT 10.0; Win64; x64) AppleWebKit/537.36 (KHTML, like Gecko) Chrome/116.0.0.0 Safari/537.36"
175.45.178.19 - - [10/Sep/2023:05:08:21 +0000] "GET /favicon.ico HTTP/1.1" 404 489 "http://10.10.10.10/wordpress/" "Mozilla/5.0 (Windows NT 10.0; Win64; x64) AppleWebKit/537.36 (KHTML, like Gecko) Chrome/116.0.0.0 Safari/537.36"
117.45.210.22 - - [10/Sep/2023:05:08:36 +0000] "GET /wordpress/ HTTP/1.1" 200 9933 "-" "Mozilla/5.0 (Windows NT 10.0; Win64; x64) AppleWebKit/537.36 (KHTML, like Gecko) Chrome/70.0.3538.102 Safari/537.36 Edge/18.18363"
117.45.210.22 - - [10/Sep/2023:05:08:36 +0000] "GET /wordpress/wp-includes/css/dist/block-library/style.min.css?ver=6.3.1 HTTP/1.1" 200 14180 "http://10.10.10.10/wordpress/" "Mozilla/5.0 (Windows NT 10.0; Win64; x64) AppleWebKit/537.36 (KHTML, like Gecko) Chrome/70.0.3538.102 Safari/537.36 Edge/18.18363"
117.45.210.22 - - [10/Sep/2023:05:08:36 +0000] "GET /wordpress/wp-includes/css/dashicons.min.css?ver=6.3.1 HTTP/1.1" 200 36069 "http://10.10.10.10/wordpress/" "Mozilla/5.0 (Windows NT 10.0; Win64; x64) AppleWebKit/537.36 (KHTML, like Gecko) Chrome/70.0.3538.102 Safari/537.36 Edge/18.18363"
117.45.210.22 - - [10/Sep/2023:05:08:36 +0000] "GET /wordpress/wp-content/plugins/secure-copy-content-protection/public/css/secure-copy-content-protection-public.css?ver=2.8.1 HTTP/1.1" 200 781 "http://10.10.10.10/wordpress/" "Mozilla/5.0 (Windows NT 10.0; Win64; x64) AppleWebKit/537.36 (KHTML, like Gecko) Chrome/70.0.3538.102 Safari/537.36 Edge/18.18363"
117.45.210.22 - - [10/Sep/2023:05:08:36 +0000] "GET /wordpress/wp-content/themes/elite-creative-agency/css/colors/default.css?ver=6.3.1 HTTP/1.1" 200 2086 "http://10.10.10.10/wordpress/" "Mozilla/5.0 (Windows NT 10.0; Win64; x64) AppleWebKit/537.36 (KHTML, like Gecko) Chrome/70.0.3538.102 Safari/537.36 Edge/18.18363"
117.45.210.22 - - [10/Sep/2023:05:08:36 +0000] "GET /wordpress/wp-content/themes/elite-creative-agency/css/bootstrap.min.css?ver=6.3.1 HTTP/1.1" 200 23541 "http://10.10.10.10/wordpress/" "Mozilla/5.0 (Windows NT 10.0; Win64; x64) AppleWebKit/537.36 (KHTML, like Gecko) Chrome/70.0.3538.102 Safari/537.36 Edge/18.18363"
117.45.210.22 - - [10/Sep/2023:05:08:36 +0000] "GET /wordpress/wp-content/themes/elite-creative-agency/css/gutenberg.css?ver=6.3.1 HTTP/1.1" 200 917 "http://10.10.10.10/wordpress/" "Mozilla/5.0 (Windows NT 10.0; Win64; x64) AppleWebKit/537.36 (KHTML, like Gecko) Chrome/70.0.3538.102 Safari/537.36 Edge/18.18363"
117.45.210.22 - - [10/Sep/2023:05:08:36 +0000] "GET /wordpress/wp-content/themes/elite-creative-agency/css/responsive.css?ver=6.3.1 HTTP/1.1" 200 967 "http://10.10.10.10/wordpress/" "Mozilla/5.0 (Windows NT 10.0; Win64; x64) AppleWebKit/537.36 (KHTML, like Gecko) Chrome/70.0.3538.102 Safari/537.36 Edge/18.18363"
117.45.210.22 - - [10/Sep/2023:05:08:36 +0000] "GET /wordpress/wp-content/themes/elite-creative-agency/css/menu.css?ver=6.3.1 HTTP/1.1" 200 1483 "http://10.10.10.10/wordpress/" "Mozilla/5.0 (Windows NT 10.0; Win64; x64) AppleWebKit/537.36 (KHTML, like Gecko) Chrome/70.0.3538.102 Safari/537.36 Edge/18.18363"
117.45.210.22 - - [10/Sep/2023:05:08:36 +0000] "GET /wordpress/wp-content/themes/elite-creative-agency/css/owl.carousel.css?ver=6.3.1 HTTP/1.1" 200 1728 "http://10.10.10.10/wordpress/" "Mozilla/5.0 (Windows NT 10.0; Win64; x64) AppleWebKit/537.36 (KHTML, like Gecko) Chrome/70.0.3538.102 Safari/537.36 Edge/18.18363"
117.45.210.22 - - [10/Sep/2023:05:08:36 +0000] "GET /wordpress/wp-includes/js/jquery/jquery-migrate.min.js?ver=3.4.1 HTTP/1.1" 200 5216 "http://10.10.10.10/wordpress/" "Mozilla/5.0 (Windows NT 10.0; Win64; x64) AppleWebKit/537.36 (KHTML, like Gecko) Chrome/70.0.3538.102 Safari/537.36 Edge/18.18363"
117.45.210.22 - - [10/Sep/2023:05:08:36 +0000] "GET /wordpress/wp-content/themes/elite-creative-agency/css/wp-test.css?ver=6.3.1 HTTP/1.1" 200 2366 "http://10.10.10.10/wordpress/" "Mozilla/5.0 (Windows NT 10.0; Win64; x64) AppleWebKit/537.36 (KHTML, like Gecko) Chrome/70.0.3538.102 Safari/537.36 Edge/18.18363"
117.45.210.22 - - [10/Sep/2023:05:08:36 +0000] "GET /wordpress/wp-content/themes/elite-creative-agency/js/owl.carousel.js?ver=1 HTTP/1.1" 200 20383 "http://10.10.10.10/wordpress/" "Mozilla/5.0 (Windows NT 10.0; Win64; x64) AppleWebKit/537.36 (KHTML, like Gecko) Chrome/70.0.3538.102 Safari/537.36 Edge/18.18363"
117.45.210.22 - - [10/Sep/2023:05:08:36 +0000] "GET /wordpress/wp-includes/js/jquery/jquery.min.js?ver=3.7.0 HTTP/1.1" 200 30689 "http://10.10.10.10/wordpress/" "Mozilla/5.0 (Windows NT 10.0; Win64; x64) AppleWebKit/537.36 (KHTML, like Gecko) Chrome/70.0.3538.102 Safari/537.36 Edge/18.18363"
117.45.210.22 - - [10/Sep/2023:05:08:36 +0000] "GET /wordpress/wp-content/themes/elite-creative-agency/js/navigation-focus.js?ver=1 HTTP/1.1" 200 648 "http://10.10.10.10/wordpress/" "Mozilla/5.0 (Windows NT 10.0; Win64; x64) AppleWebKit/537.36 (KHTML, like Gecko) Chrome/70.0.3538.102 Safari/537.36 Edge/18.18363"
117.45.210.22 - - [10/Sep/2023:05:08:36 +0000] "GET /wordpress/wp-content/themes/elite-creative-agency/js/jquery.superfish.js?ver=1 HTTP/1.1" 200 2718 "http://10.10.10.10/wordpress/" "Mozilla/5.0 (Windows NT 10.0; Win64; x64) AppleWebKit/537.36 (KHTML, like Gecko) Chrome/70.0.3538.102 Safari/537.36 Edge/18.18363"
175.45.178.19 - - [10/Sep/2023:05:08:36 +0000] "GET /wordpress/ HTTP/1.1" 200 9933 "http://10.10.10.10/wordpress/" "Mozilla/5.0 (Windows NT 10.0; Win64; x64) AppleWebKit/537.36 (KHTML, like Gecko) Chrome/116.0.0.0 Safari/537.36"
117.45.210.22 - - [10/Sep/2023:05:08:36 +0000] "GET /wordpress/wp-content/themes/elite-creative-agency/css/fonts/font-awesome/css/font-awesome.min.css?ver=6.3.1 HTTP/1.1" 200 7006 "http://10.10.10.10/wordpress/" "Mozilla/5.0 (Windows NT 10.0; Win64; x64) AppleWebKit/537.36 (KHTML, like Gecko) Chrome/70.0.3538.102 Safari/537.36 Edge/18.18363"
117.45.210.22 - - [10/Sep/2023:05:08:36 +0000] "GET /wordpress/wp-content/themes/elite-creative-agency/js/bootstrap.min.js?ver=4.3.1 HTTP/1.1" 200 15755 "http://10.10.10.10/wordpress/" "Mozilla/5.0 (Windows NT 10.0; Win64; x64) AppleWebKit/537.36 (KHTML, like Gecko) Chrome/70.0.3538.102 Safari/537.36 Edge/18.18363"
117.45.210.22 - - [10/Sep/2023:05:08:36 +0000] "GET /wordpress/wp-content/themes/elite-creative-agency/js/custom.js?ver=6.3.1 HTTP/1.1" 200 942 "http://10.10.10.10/wordpress/" "Mozilla/5.0 (Windows NT 10.0; Win64; x64) AppleWebKit/537.36 (KHTML, like Gecko) Chrome/70.0.3538.102 Safari/537.36 Edge/18.18363"
117.45.210.22 - - [10/Sep/2023:05:08:36 +0000] "GET /wordpress/wp-content/themes/elite-creative-agency/js/skip-link-focus-fix.js?ver=20151215 HTTP/1.1" 200 822 "http://10.10.10.10/wordpress/" "Mozilla/5.0 (Windows NT 10.0; Win64; x64) AppleWebKit/537.36 (KHTML, like Gecko) Chrome/70.0.3538.102 Safari/537.36 Edge/18.18363"
117.45.210.22 - - [10/Sep/2023:05:08:36 +0000] "GET /wordpress/wp-content/themes/elite-creative-agency/style.css?ver=6.3.1 HTTP/1.1" 200 5784 "http://10.10.10.10/wordpress/" "Mozilla/5.0 (Windows NT 10.0; Win64; x64) AppleWebKit/537.36 (KHTML, like Gecko) Chrome/70.0.3538.102 Safari/537.36 Edge/18.18363"
117.45.210.22 - - [10/Sep/2023:05:08:36 +0000] "GET /wordpress/wp-content/themes/elite-creative-agency/css/widget.css?ver=6.3.1 HTTP/1.1" 200 5137 "http://10.10.10.10/wordpress/" "Mozilla/5.0 (Windows NT 10.0; Win64; x64) AppleWebKit/537.36 (KHTML, like Gecko) Chrome/70.0.3538.102 Safari/537.36 Edge/18.18363"
117.45.210.22 - - [10/Sep/2023:05:08:36 +0000] "GET /wordpress/wp-includes/js/jquery/ui/core.min.js?ver=1.13.2 HTTP/1.1" 200 7443 "http://10.10.10.10/wordpress/" "Mozilla/5.0 (Windows NT 10.0; Win64; x64) AppleWebKit/537.36 (KHTML, like Gecko) Chrome/70.0.3538.102 Safari/537.36 Edge/18.18363"
175.45.178.19 - - [10/Sep/2023:05:08:37 +0000] "GET /wordpress/index.php/2023/08/29/hope-see-you-guys-at-workshop/ HTTP/1.1" 200 12371 "http://10.10.10.10/wordpress/" "Mozilla/5.0 (Windows NT 10.0; Win64; x64) AppleWebKit/537.36 (KHTML, like Gecko) Chrome/116.0.0.0 Safari/537.36"
117.45.210.22 - - [10/Sep/2023:05:08:38 +0000] "GET /wordpress/wp-content/themes/elite-creative-agency/css/fonts/font-awesome/fonts/fontawesome-webfont.woff2?v=4.6.3 HTTP/1.1" 200 72185 "http://10.10.10.10/wordpress/" "Mozilla/5.0 (Windows NT 10.0; Win64; x64) AppleWebKit/537.36 (KHTML, like Gecko) Chrome/70.0.3538.102 Safari/537.36 Edge/18.18363"
175.45.178.19 - - [10/Sep/2023:05:08:38 +0000] "GET /wordpress/ HTTP/1.1" 200 9932 "http://10.10.10.10/wordpress/index.php/2023/08/29/hope-see-you-guys-at-workshop/" "Mozilla/5.0 (Windows NT 10.0; Win64; x64) AppleWebKit/537.36 (KHTML, like Gecko) Chrome/116.0.0.0 Safari/537.36"
117.45.210.22 - - [10/Sep/2023:05:08:38 +0000] "GET /wordpress/wp-includes/js/wp-emoji-release.min.js?ver=6.3.1 HTTP/1.1" 200 5383 "http://10.10.10.10/wordpress/" "Mozilla/5.0 (Windows NT 10.0; Win64; x64) AppleWebKit/537.36 (KHTML, like Gecko) Chrome/70.0.3538.102 Safari/537.36 Edge/18.18363"
175.45.178.19 - - [10/Sep/2023:05:08:39 +0000] "GET /wordpress/index.php/2023/07/26/information-pms-company-workshop/ HTTP/1.1" 200 12063 "http://10.10.10.10/wordpress/" "Mozilla/5.0 (Windows NT 10.0; Win64; x64) AppleWebKit/537.36 (KHTML, like Gecko) Chrome/116.0.0.0 Safari/537.36"
175.45.178.19 - - [10/Sep/2023:05:08:40 +0000] "GET /wordpress/ HTTP/1.1" 200 9933 "http://10.10.10.10/wordpress/index.php/2023/07/26/information-pms-company-workshop/" "Mozilla/5.0 (Windows NT 10.0; Win64; x64) AppleWebKit/537.36 (KHTML, like Gecko) Chrome/116.0.0.0 Safari/537.36"
175.45.178.19 - - [10/Sep/2023:05:08:42 +0000] "GET /wordpress/index.php/2023/07/25/ho-rooooooooooooock/ HTTP/1.1" 200 10142 "http://10.10.10.10/wordpress/" "Mozilla/5.0 (Windows NT 10.0; Win64; x64) AppleWebKit/537.36 (KHTML, like Gecko) Chrome/116.0.0.0 Safari/537.36"
127.0.0.1 - - [10/Sep/2023:05:08:44 +0000] "OPTIONS * HTTP/1.0" 200 126 "-" "Apache/2.4.54 (Ubuntu) (internal dummy connection)"
175.45.178.19 - - [10/Sep/2023:05:08:44 +0000] "POST /wordpress/wp-login.php?action=postpass HTTP/1.1" 302 680 "http://10.10.10.10/wordpress/index.php/2023/07/25/ho-rooooooooooooock/" "Mozilla/5.0 (Windows NT 10.0; Win64; x64) AppleWebKit/537.36 (KHTML, like Gecko) Chrome/116.0.0.0 Safari/537.36"
175.45.178.19 - - [10/Sep/2023:05:08:44 +0000] "GET /wordpress/index.php/2023/07/25/ho-rooooooooooooock/ HTTP/1.1" 200 10142 "http://10.10.10.10/wordpress/index.php/2023/07/25/ho-rooooooooooooock/" "Mozilla/5.0 (Windows NT 10.0; Win64; x64) AppleWebKit/537.36 (KHTML, like Gecko) Chrome/116.0.0.0 Safari/537.36"
175.45.178.19 - - [10/Sep/2023:05:08:45 +0000] "GET /wordpress/ HTTP/1.1" 200 9932 "http://10.10.10.10/wordpress/index.php/2023/07/25/ho-rooooooooooooock/" "Mozilla/5.0 (Windows NT 10.0; Win64; x64) AppleWebKit/537.36 (KHTML, like Gecko) Chrome/116.0.0.0 Safari/537.36"
127.0.0.1 - - [10/Sep/2023:05:08:46 +0000] "OPTIONS * HTTP/1.0" 200 126 "-" "Apache/2.4.54 (Ubuntu) (internal dummy connection)"
175.45.178.19 - - [10/Sep/2023:05:08:46 +0000] "GET /wordpress/ HTTP/1.1" 200 9932 "http://10.10.10.10/wordpress/" "Mozilla/5.0 (Windows NT 10.0; Win64; x64) AppleWebKit/537.36 (KHTML, like Gecko) Chrome/116.0.0.0 Safari/537.36"
175.45.178.19 - - [10/Sep/2023:05:08:48 +0000] "GET /wordpress/index.php/2023/07/24/hello-world/ HTTP/1.1" 200 11944 "http://10.10.10.10/wordpress/" "Mozilla/5.0 (Windows NT 10.0; Win64; x64) AppleWebKit/537.36 (KHTML, like Gecko) Chrome/116.0.0.0 Safari/537.36"
175.45.178.19 - - [10/Sep/2023:05:08:49 +0000] "GET /wordpress/ HTTP/1.1" 200 9932 "http://10.10.10.10/wordpress/index.php/2023/07/24/hello-world/" "Mozilla/5.0 (Windows NT 10.0; Win64; x64) AppleWebKit/537.36 (KHTML, like Gecko) Chrome/116.0.0.0 Safari/537.36"
127.0.0.1 - - [10/Sep/2023:05:08:50 +0000] "OPTIONS * HTTP/1.0" 200 126 "-" "Apache/2.4.54 (Ubuntu) (internal dummy connection)"
117.45.210.22 - - [10/Sep/2023:05:08:52 +0000] "GET /wordpress/index.php/2023/08/29/hope-see-you-guys-at-workshop/ HTTP/1.1" 200 12372 "http://10.10.10.10/wordpress/" "Mozilla/5.0 (Windows NT 10.0; Win64; x64) AppleWebKit/537.36 (KHTML, like Gecko) Chrome/70.0.3538.102 Safari/537.36 Edge/18.18363"
117.45.210.22 - - [10/Sep/2023:05:08:53 +0000] "GET /wordpress/wp-includes/js/comment-reply.min.js?ver=6.3.1 HTTP/1.1" 200 1694 "http://10.10.10.10/wordpress/index.php/2023/08/29/hope-see-you-guys-at-workshop/" "Mozilla/5.0 (Windows NT 10.0; Win64; x64) AppleWebKit/537.36 (KHTML, like Gecko) Chrome/70.0.3538.102 Safari/537.36 Edge/18.18363"
117.45.210.22 - - [10/Sep/2023:05:08:54 +0000] "GET /wordpress/ HTTP/1.1" 200 9932 "http://10.10.10.10/wordpress/index.php/2023/08/29/hope-see-you-guys-at-workshop/" "Mozilla/5.0 (Windows NT 10.0; Win64; x64) AppleWebKit/537.36 (KHTML, like Gecko) Chrome/70.0.3538.102 Safari/537.36 Edge/18.18363"
117.45.210.22 - - [10/Sep/2023:05:08:56 +0000] "GET /wordpress/index.php/2023/07/25/ho-rooooooooooooock/ HTTP/1.1" 200 10142 "http://10.10.10.10/wordpress/" "Mozilla/5.0 (Windows NT 10.0; Win64; x64) AppleWebKit/537.36 (KHTML, like Gecko) Chrome/70.0.3538.102 Safari/537.36 Edge/18.18363"
117.45.210.22 - - [10/Sep/2023:05:08:57 +0000] "GET /wordpress/ HTTP/1.1" 200 9932 "http://10.10.10.10/wordpress/index.php/2023/07/25/ho-rooooooooooooock/" "Mozilla/5.0 (Windows NT 10.0; Win64; x64) AppleWebKit/537.36 (KHTML, like Gecko) Chrome/70.0.3538.102 Safari/537.36 Edge/18.18363"
117.45.210.22 - - [10/Sep/2023:05:09:06 +0000] "GET /wordpress/ HTTP/1.1" 200 9933 "http://10.10.10.10/wordpress/" "Mozilla/5.0 (Windows NT 10.0; Win64; x64) AppleWebKit/537.36 (KHTML, like Gecko) Chrome/70.0.3538.102 Safari/537.36 Edge/18.18363"
117.45.210.22 - - [10/Sep/2023:05:09:08 +0000] "GET /wordpress/ HTTP/1.1" 200 9932 "http://10.10.10.10/wordpress/" "Mozilla/5.0 (Windows NT 10.0; Win64; x64) AppleWebKit/537.36 (KHTML, like Gecko) Chrome/70.0.3538.102 Safari/537.36 Edge/18.18363"
117.45.210.22 - - [10/Sep/2023:05:09:08 +0000] "GET /wordpress/wp-includes/css/dist/block-library/style.min.css?ver=6.3.1 HTTP/1.1" 200 14180 "http://10.10.10.10/wordpress/" "Mozilla/5.0 (Windows NT 10.0; Win64; x64) AppleWebKit/537.36 (KHTML, like Gecko) Chrome/70.0.3538.102 Safari/537.36 Edge/18.18363"
117.45.210.22 - - [10/Sep/2023:05:09:08 +0000] "GET /wordpress/wp-includes/css/dashicons.min.css?ver=6.3.1 HTTP/1.1" 200 36069 "http://10.10.10.10/wordpress/" "Mozilla/5.0 (Windows NT 10.0; Win64; x64) AppleWebKit/537.36 (KHTML, like Gecko) Chrome/70.0.3538.102 Safari/537.36 Edge/18.18363"
117.45.210.22 - - [10/Sep/2023:05:09:08 +0000] "GET /wordpress/wp-content/themes/elite-creative-agency/css/bootstrap.min.css?ver=6.3.1 HTTP/1.1" 200 23541 "http://10.10.10.10/wordpress/" "Mozilla/5.0 (Windows NT 10.0; Win64; x64) AppleWebKit/537.36 (KHTML, like Gecko) Chrome/70.0.3538.102 Safari/537.36 Edge/18.18363"
117.45.210.22 - - [10/Sep/2023:05:09:08 +0000] "GET /wordpress/wp-content/themes/elite-creative-agency/css/owl.carousel.css?ver=6.3.1 HTTP/1.1" 200 1729 "http://10.10.10.10/wordpress/" "Mozilla/5.0 (Windows NT 10.0; Win64; x64) AppleWebKit/537.36 (KHTML, like Gecko) Chrome/70.0.3538.102 Safari/537.36 Edge/18.18363"
117.45.210.22 - - [10/Sep/2023:05:09:08 +0000] "GET /wordpress/wp-content/plugins/secure-copy-content-protection/public/css/secure-copy-content-protection-public.css?ver=2.8.1 HTTP/1.1" 200 780 "http://10.10.10.10/wordpress/" "Mozilla/5.0 (Windows NT 10.0; Win64; x64) AppleWebKit/537.36 (KHTML, like Gecko) Chrome/70.0.3538.102 Safari/537.36 Edge/18.18363"
117.45.210.22 - - [10/Sep/2023:05:09:08 +0000] "GET /wordpress/wp-content/themes/elite-creative-agency/css/fonts/font-awesome/css/font-awesome.min.css?ver=6.3.1 HTTP/1.1" 200 7007 "http://10.10.10.10/wordpress/" "Mozilla/5.0 (Windows NT 10.0; Win64; x64) AppleWebKit/537.36 (KHTML, like Gecko) Chrome/70.0.3538.102 Safari/537.36 Edge/18.18363"
117.45.210.22 - - [10/Sep/2023:05:09:08 +0000] "GET /wordpress/wp-content/themes/elite-creative-agency/css/widget.css?ver=6.3.1 HTTP/1.1" 200 5138 "http://10.10.10.10/wordpress/" "Mozilla/5.0 (Windows NT 10.0; Win64; x64) AppleWebKit/537.36 (KHTML, like Gecko) Chrome/70.0.3538.102 Safari/537.36 Edge/18.18363"
117.45.210.22 - - [10/Sep/2023:05:09:08 +0000] "GET /wordpress/wp-content/themes/elite-creative-agency/css/colors/default.css?ver=6.3.1 HTTP/1.1" 200 2085 "http://10.10.10.10/wordpress/" "Mozilla/5.0 (Windows NT 10.0; Win64; x64) AppleWebKit/537.36 (KHTML, like Gecko) Chrome/70.0.3538.102 Safari/537.36 Edge/18.18363"
117.45.210.22 - - [10/Sep/2023:05:09:08 +0000] "GET /wordpress/wp-content/themes/elite-creative-agency/css/wp-test.css?ver=6.3.1 HTTP/1.1" 200 2366 "http://10.10.10.10/wordpress/" "Mozilla/5.0 (Windows NT 10.0; Win64; x64) AppleWebKit/537.36 (KHTML, like Gecko) Chrome/70.0.3538.102 Safari/537.36 Edge/18.18363"
117.45.210.22 - - [10/Sep/2023:05:09:08 +0000] "GET /wordpress/wp-content/themes/elite-creative-agency/css/menu.css?ver=6.3.1 HTTP/1.1" 200 1483 "http://10.10.10.10/wordpress/" "Mozilla/5.0 (Windows NT 10.0; Win64; x64) AppleWebKit/537.36 (KHTML, like Gecko) Chrome/70.0.3538.102 Safari/537.36 Edge/18.18363"
117.45.210.22 - - [10/Sep/2023:05:09:08 +0000] "GET /wordpress/wp-content/themes/elite-creative-agency/style.css?ver=6.3.1 HTTP/1.1" 200 5784 "http://10.10.10.10/wordpress/" "Mozilla/5.0 (Windows NT 10.0; Win64; x64) AppleWebKit/537.36 (KHTML, like Gecko) Chrome/70.0.3538.102 Safari/537.36 Edge/18.18363"
117.45.210.22 - - [10/Sep/2023:05:09:08 +0000] "GET /wordpress/wp-content/themes/elite-creative-agency/css/gutenberg.css?ver=6.3.1 HTTP/1.1" 200 917 "http://10.10.10.10/wordpress/" "Mozilla/5.0 (Windows NT 10.0; Win64; x64) AppleWebKit/537.36 (KHTML, like Gecko) Chrome/70.0.3538.102 Safari/537.36 Edge/18.18363"
117.45.210.22 - - [10/Sep/2023:05:09:08 +0000] "GET /wordpress/wp-content/themes/elite-creative-agency/css/responsive.css?ver=6.3.1 HTTP/1.1" 200 966 "http://10.10.10.10/wordpress/" "Mozilla/5.0 (Windows NT 10.0; Win64; x64) AppleWebKit/537.36 (KHTML, like Gecko) Chrome/70.0.3538.102 Safari/537.36 Edge/18.18363"
117.45.210.22 - - [10/Sep/2023:05:09:08 +0000] "GET /wordpress/wp-content/themes/elite-creative-agency/js/jquery.superfish.js?ver=1 HTTP/1.1" 200 2718 "http://10.10.10.10/wordpress/" "Mozilla/5.0 (Windows NT 10.0; Win64; x64) AppleWebKit/537.36 (KHTML, like Gecko) Chrome/70.0.3538.102 Safari/537.36 Edge/18.18363"
117.45.210.22 - - [10/Sep/2023:05:09:08 +0000] "GET /wordpress/wp-includes/js/jquery/jquery.min.js?ver=3.7.0 HTTP/1.1" 200 30689 "http://10.10.10.10/wordpress/" "Mozilla/5.0 (Windows NT 10.0; Win64; x64) AppleWebKit/537.36 (KHTML, like Gecko) Chrome/70.0.3538.102 Safari/537.36 Edge/18.18363"
117.45.210.22 - - [10/Sep/2023:05:09:08 +0000] "GET /wordpress/wp-content/themes/elite-creative-agency/js/skip-link-focus-fix.js?ver=20151215 HTTP/1.1" 200 822 "http://10.10.10.10/wordpress/" "Mozilla/5.0 (Windows NT 10.0; Win64; x64) AppleWebKit/537.36 (KHTML, like Gecko) Chrome/70.0.3538.102 Safari/537.36 Edge/18.18363"
117.45.210.22 - - [10/Sep/2023:05:09:08 +0000] "GET /wordpress/wp-includes/js/jquery/ui/core.min.js?ver=1.13.2 HTTP/1.1" 200 7443 "http://10.10.10.10/wordpress/" "Mozilla/5.0 (Windows NT 10.0; Win64; x64) AppleWebKit/537.36 (KHTML, like Gecko) Chrome/70.0.3538.102 Safari/537.36 Edge/18.18363"
117.45.210.22 - - [10/Sep/2023:05:09:08 +0000] "GET /wordpress/wp-includes/js/jquery/jquery-migrate.min.js?ver=3.4.1 HTTP/1.1" 200 5216 "http://10.10.10.10/wordpress/" "Mozilla/5.0 (Windows NT 10.0; Win64; x64) AppleWebKit/537.36 (KHTML, like Gecko) Chrome/70.0.3538.102 Safari/537.36 Edge/18.18363"
117.45.210.22 - - [10/Sep/2023:05:09:08 +0000] "GET /wordpress/wp-content/themes/elite-creative-agency/js/owl.carousel.js?ver=1 HTTP/1.1" 200 20383 "http://10.10.10.10/wordpress/" "Mozilla/5.0 (Windows NT 10.0; Win64; x64) AppleWebKit/537.36 (KHTML, like Gecko) Chrome/70.0.3538.102 Safari/537.36 Edge/18.18363"
117.45.210.22 - - [10/Sep/2023:05:09:08 +0000] "GET /wordpress/wp-content/themes/elite-creative-agency/js/custom.js?ver=6.3.1 HTTP/1.1" 200 942 "http://10.10.10.10/wordpress/" "Mozilla/5.0 (Windows NT 10.0; Win64; x64) AppleWebKit/537.36 (KHTML, like Gecko) Chrome/70.0.3538.102 Safari/537.36 Edge/18.18363"
117.45.210.22 - - [10/Sep/2023:05:09:08 +0000] "GET /wordpress/wp-content/themes/elite-creative-agency/js/bootstrap.min.js?ver=4.3.1 HTTP/1.1" 200 15755 "http://10.10.10.10/wordpress/" "Mozilla/5.0 (Windows NT 10.0; Win64; x64) AppleWebKit/537.36 (KHTML, like Gecko) Chrome/70.0.3538.102 Safari/537.36 Edge/18.18363"
117.45.210.22 - - [10/Sep/2023:05:09:08 +0000] "GET /wordpress/wp-content/themes/elite-creative-agency/js/navigation-focus.js?ver=1 HTTP/1.1" 200 648 "http://10.10.10.10/wordpress/" "Mozilla/5.0 (Windows NT 10.0; Win64; x64) AppleWebKit/537.36 (KHTML, like Gecko) Chrome/70.0.3538.102 Safari/537.36 Edge/18.18363"
117.45.210.22 - - [10/Sep/2023:05:09:08 +0000] "GET /wordpress/wp-content/themes/elite-creative-agency/css/fonts/font-awesome/fonts/fontawesome-webfont.woff2?v=4.6.3 HTTP/1.1" 304 250 "http://10.10.10.10/wordpress/" "Mozilla/5.0 (Windows NT 10.0; Win64; x64) AppleWebKit/537.36 (KHTML, like Gecko) Chrome/70.0.3538.102 Safari/537.36 Edge/18.18363"
117.45.210.22 - - [10/Sep/2023:05:09:08 +0000] "GET /wordpress/wp-includes/js/wp-emoji-release.min.js?ver=6.3.1 HTTP/1.1" 200 5383 "http://10.10.10.10/wordpress/" "Mozilla/5.0 (Windows NT 10.0; Win64; x64) AppleWebKit/537.36 (KHTML, like Gecko) Chrome/70.0.3538.102 Safari/537.36 Edge/18.18363"
175.45.178.19 - - [10/Sep/2023:05:09:15 +0000] "GET /wordpress/ HTTP/1.1" 200 9933 "http://10.10.10.10/wordpress/" "Mozilla/5.0 (Windows NT 10.0; Win64; x64) AppleWebKit/537.36 (KHTML, like Gecko) Chrome/116.0.0.0 Safari/537.36"
175.45.178.19 - - [10/Sep/2023:05:09:19 +0000] "GET /wordpress/?s=admin HTTP/1.1" 200 9728 "http://10.10.10.10/wordpress/" "Mozilla/5.0 (Windows NT 10.0; Win64; x64) AppleWebKit/537.36 (KHTML, like Gecko) Chrome/116.0.0.0 Safari/537.36"
127.0.0.1 - - [10/Sep/2023:05:09:20 +0000] "OPTIONS * HTTP/1.0" 200 126 "-" "Apache/2.4.54 (Ubuntu) (internal dummy connection)"
175.45.178.19 - - [10/Sep/2023:05:09:21 +0000] "GET /wordpress/index.php/sample-page/ HTTP/1.1" 200 10136 "http://10.10.10.10/wordpress/?s=admin" "Mozilla/5.0 (Windows NT 10.0; Win64; x64) AppleWebKit/537.36 (KHTML, like Gecko) Chrome/116.0.0.0 Safari/537.36"
175.45.178.19 - - [10/Sep/2023:05:09:22 +0000] "GET /wordpress/wp-admin/ HTTP/1.1" 302 449 "http://10.10.10.10/wordpress/index.php/sample-page/" "Mozilla/5.0 (Windows NT 10.0; Win64; x64) AppleWebKit/537.36 (KHTML, like Gecko) Chrome/116.0.0.0 Safari/537.36"
175.45.178.19 - - [10/Sep/2023:05:09:22 +0000] "GET /wordpress/wp-login.php?redirect_to=http%3A%2F%2F10.10.10.10%2Fwordpress%2Fwp-admin%2F&reauth=1 HTTP/1.1" 200 4493 "http://10.10.10.10/wordpress/index.php/sample-page/" "Mozilla/5.0 (Windows NT 10.0; Win64; x64) AppleWebKit/537.36 (KHTML, like Gecko) Chrome/116.0.0.0 Safari/537.36"
175.45.178.19 - - [10/Sep/2023:05:09:22 +0000] "GET /wordpress/wp-includes/css/buttons.min.css?ver=6.3.1 HTTP/1.1" 200 1790 "http://10.10.10.10/wordpress/wp-login.php?redirect_to=http%3A%2F%2F10.10.10.10%2Fwordpress%2Fwp-admin%2F&reauth=1" "Mozilla/5.0 (Windows NT 10.0; Win64; x64) AppleWebKit/537.36 (KHTML, like Gecko) Chrome/116.0.0.0 Safari/537.36"
175.45.178.19 - - [10/Sep/2023:05:09:22 +0000] "GET /wordpress/wp-admin/css/forms.min.css?ver=6.3.1 HTTP/1.1" 200 6858 "http://10.10.10.10/wordpress/wp-login.php?redirect_to=http%3A%2F%2F10.10.10.10%2Fwordpress%2Fwp-admin%2F&reauth=1" "Mozilla/5.0 (Windows NT 10.0; Win64; x64) AppleWebKit/537.36 (KHTML, like Gecko) Chrome/116.0.0.0 Safari/537.36"
175.45.178.19 - - [10/Sep/2023:05:09:22 +0000] "GET /wordpress/wp-includes/js/dist/vendor/wp-polyfill-inert.min.js?ver=3.1.2 HTTP/1.1" 200 2828 "http://10.10.10.10/wordpress/wp-login.php?redirect_to=http%3A%2F%2F10.10.10.10%2Fwordpress%2Fwp-admin%2F&reauth=1" "Mozilla/5.0 (Windows NT 10.0; Win64; x64) AppleWebKit/537.36 (KHTML, like Gecko) Chrome/116.0.0.0 Safari/537.36"
175.45.178.19 - - [10/Sep/2023:05:09:22 +0000] "GET /wordpress/wp-includes/js/dist/vendor/regenerator-runtime.min.js?ver=0.13.11 HTTP/1.1" 200 2843 "http://10.10.10.10/wordpress/wp-login.php?redirect_to=http%3A%2F%2F10.10.10.10%2Fwordpress%2Fwp-admin%2F&reauth=1" "Mozilla/5.0 (Windows NT 10.0; Win64; x64) AppleWebKit/537.36 (KHTML, like Gecko) Chrome/116.0.0.0 Safari/537.36"
175.45.178.19 - - [10/Sep/2023:05:09:22 +0000] "GET /wordpress/wp-admin/css/l10n.min.css?ver=6.3.1 HTTP/1.1" 200 1022 "http://10.10.10.10/wordpress/wp-login.php?redirect_to=http%3A%2F%2F10.10.10.10%2Fwordpress%2Fwp-admin%2F&reauth=1" "Mozilla/5.0 (Windows NT 10.0; Win64; x64) AppleWebKit/537.36 (KHTML, like Gecko) Chrome/116.0.0.0 Safari/537.36"
175.45.178.19 - - [10/Sep/2023:05:09:22 +0000] "GET /wordpress/wp-admin/css/login.min.css?ver=6.3.1 HTTP/1.1" 200 2494 "http://10.10.10.10/wordpress/wp-login.php?redirect_to=http%3A%2F%2F10.10.10.10%2Fwordpress%2Fwp-admin%2F&reauth=1" "Mozilla/5.0 (Windows NT 10.0; Win64; x64) AppleWebKit/537.36 (KHTML, like Gecko) Chrome/116.0.0.0 Safari/537.36"
175.45.178.19 - - [10/Sep/2023:05:09:22 +0000] "GET /wordpress/wp-includes/js/dist/vendor/wp-polyfill.min.js?ver=3.15.0 HTTP/1.1" 200 6234 "http://10.10.10.10/wordpress/wp-login.php?redirect_to=http%3A%2F%2F10.10.10.10%2Fwordpress%2Fwp-admin%2F&reauth=1" "Mozilla/5.0 (Windows NT 10.0; Win64; x64) AppleWebKit/537.36 (KHTML, like Gecko) Chrome/116.0.0.0 Safari/537.36"
175.45.178.19 - - [10/Sep/2023:05:09:22 +0000] "GET /wordpress/wp-includes/js/zxcvbn-async.min.js?ver=1.0 HTTP/1.1" 200 599 "http://10.10.10.10/wordpress/wp-login.php?redirect_to=http%3A%2F%2F10.10.10.10%2Fwordpress%2Fwp-admin%2F&reauth=1" "Mozilla/5.0 (Windows NT 10.0; Win64; x64) AppleWebKit/537.36 (KHTML, like Gecko) Chrome/116.0.0.0 Safari/537.36"
175.45.178.19 - - [10/Sep/2023:05:09:22 +0000] "GET /wordpress/wp-includes/js/dist/hooks.min.js?ver=c6aec9a8d4e5a5d543a1 HTTP/1.1" 200 1911 "http://10.10.10.10/wordpress/wp-login.php?redirect_to=http%3A%2F%2F10.10.10.10%2Fwordpress%2Fwp-admin%2F&reauth=1" "Mozilla/5.0 (Windows NT 10.0; Win64; x64) AppleWebKit/537.36 (KHTML, like Gecko) Chrome/116.0.0.0 Safari/537.36"
175.45.178.19 - - [10/Sep/2023:05:09:22 +0000] "GET /wordpress/wp-includes/js/underscore.min.js?ver=1.13.4 HTTP/1.1" 200 7655 "http://10.10.10.10/wordpress/wp-login.php?redirect_to=http%3A%2F%2F10.10.10.10%2Fwordpress%2Fwp-admin%2F&reauth=1" "Mozilla/5.0 (Windows NT 10.0; Win64; x64) AppleWebKit/537.36 (KHTML, like Gecko) Chrome/116.0.0.0 Safari/537.36"
175.45.178.19 - - [10/Sep/2023:05:09:22 +0000] "GET /wordpress/wp-includes/js/dist/i18n.min.js?ver=7701b0c3857f914212ef HTTP/1.1" 200 4036 "http://10.10.10.10/wordpress/wp-login.php?redirect_to=http%3A%2F%2F10.10.10.10%2Fwordpress%2Fwp-admin%2F&reauth=1" "Mozilla/5.0 (Windows NT 10.0; Win64; x64) AppleWebKit/537.36 (KHTML, like Gecko) Chrome/116.0.0.0 Safari/537.36"
175.45.178.19 - - [10/Sep/2023:05:09:22 +0000] "GET /wordpress/wp-admin/js/password-strength-meter.min.js?ver=6.3.1 HTTP/1.1" 200 963 "http://10.10.10.10/wordpress/wp-login.php?redirect_to=http%3A%2F%2F10.10.10.10%2Fwordpress%2Fwp-admin%2F&reauth=1" "Mozilla/5.0 (Windows NT 10.0; Win64; x64) AppleWebKit/537.36 (KHTML, like Gecko) Chrome/116.0.0.0 Safari/537.36"
175.45.178.19 - - [10/Sep/2023:05:09:22 +0000] "GET /wordpress/wp-includes/js/wp-util.min.js?ver=6.3.1 HTTP/1.1" 200 1098 "http://10.10.10.10/wordpress/wp-login.php?redirect_to=http%3A%2F%2F10.10.10.10%2Fwordpress%2Fwp-admin%2F&reauth=1" "Mozilla/5.0 (Windows NT 10.0; Win64; x64) AppleWebKit/537.36 (KHTML, like Gecko) Chrome/116.0.0.0 Safari/537.36"
175.45.178.19 - - [10/Sep/2023:05:09:22 +0000] "GET /wordpress/wp-admin/js/user-profile.min.js?ver=6.3.1 HTTP/1.1" 200 2705 "http://10.10.10.10/wordpress/wp-login.php?redirect_to=http%3A%2F%2F10.10.10.10%2Fwordpress%2Fwp-admin%2F&reauth=1" "Mozilla/5.0 (Windows NT 10.0; Win64; x64) AppleWebKit/537.36 (KHTML, like Gecko) Chrome/116.0.0.0 Safari/537.36"
175.45.178.19 - - [10/Sep/2023:05:09:22 +0000] "GET /wordpress/wp-admin/images/wordpress-logo.svg?ver=20131107 HTTP/1.1" 200 1810 "http://10.10.10.10/wordpress/wp-admin/css/login.min.css?ver=6.3.1" "Mozilla/5.0 (Windows NT 10.0; Win64; x64) AppleWebKit/537.36 (KHTML, like Gecko) Chrome/116.0.0.0 Safari/537.36"
175.45.178.19 - - [10/Sep/2023:05:09:22 +0000] "GET /wordpress/wp-includes/js/zxcvbn.min.js HTTP/1.1" 200 400393 "http://10.10.10.10/wordpress/wp-login.php?redirect_to=http%3A%2F%2F10.10.10.10%2Fwordpress%2Fwp-admin%2F&reauth=1" "Mozilla/5.0 (Windows NT 10.0; Win64; x64) AppleWebKit/537.36 (KHTML, like Gecko) Chrome/116.0.0.0 Safari/537.36"
175.45.178.19 - - [10/Sep/2023:05:09:24 +0000] "GET /wordpress/ HTTP/1.1" 200 9932 "http://10.10.10.10/wordpress/wp-login.php?redirect_to=http%3A%2F%2F10.10.10.10%2Fwordpress%2Fwp-admin%2F&reauth=1" "Mozilla/5.0 (Windows NT 10.0; Win64; x64) AppleWebKit/537.36 (KHTML, like Gecko) Chrome/116.0.0.0 Safari/537.36"
127.0.0.1 - - [10/Sep/2023:05:09:25 +0000] "OPTIONS * HTTP/1.0" 200 126 "-" "Apache/2.4.54 (Ubuntu) (internal dummy connection)"
175.45.178.19 - - [10/Sep/2023:05:09:25 +0000] "GET /wordpress/ HTTP/1.1" 200 9933 "http://10.10.10.10/wordpress/" "Mozilla/5.0 (Windows NT 10.0; Win64; x64) AppleWebKit/537.36 (KHTML, like Gecko) Chrome/116.0.0.0 Safari/537.36"
117.45.210.22 - - [10/Sep/2023:05:09:41 +0000] "GET /wordpress/ HTTP/1.1" 200 9933 "http://10.10.10.10/wordpress/" "Mozilla/5.0 (Windows NT 10.0; Win64; x64) AppleWebKit/537.36 (KHTML, like Gecko) Chrome/70.0.3538.102 Safari/537.36 Edge/18.18363"
117.45.210.22 - - [10/Sep/2023:05:09:42 +0000] "GET /wordpress/index.php/2023/08/29/hope-see-you-guys-at-workshop/ HTTP/1.1" 200 12371 "http://10.10.10.10/wordpress/" "Mozilla/5.0 (Windows NT 10.0; Win64; x64) AppleWebKit/537.36 (KHTML, like Gecko) Chrome/70.0.3538.102 Safari/537.36 Edge/18.18363"
117.45.210.22 - - [10/Sep/2023:05:09:44 +0000] "GET /wordpress/ HTTP/1.1" 200 9932 "http://10.10.10.10/wordpress/index.php/2023/08/29/hope-see-you-guys-at-workshop/" "Mozilla/5.0 (Windows NT 10.0; Win64; x64) AppleWebKit/537.36 (KHTML, like Gecko) Chrome/70.0.3538.102 Safari/537.36 Edge/18.18363"
